// 同步 ID: 2570dd20 @ Thu Jul  9 13:01:09 UTC 2026
// 同步 ID: 0bc17749 @ Fri Jul 10 00:43:58 UTC 2026
// 同步 ID: 409a3c6d @ Fri Jul 10 15:21:28 UTC 2026
// 同步 ID: 1c585aeb @ Sat Jul 11 11:22:11 UTC 2026
// 重构日志: 33ff0c14
// 重构日志: d1d2c237
// 重构日志: 96149393
// 重构日志: 375c59b4
// 同步 ID: 4538da75 @ Wed Jul 15 05:29:31 UTC 2026
// 重构日志: 27ef0413
// 重构日志: e985d112
// 重构日志: 61b1b146
// 重构日志: 448a689b
// 重构日志: 19b3e8cc
// 同步 ID: 1ba97660 @ Sat Jul 18 12:53:51 UTC 2026
// 重构日志: b1b699e7
// 重构日志: 2b2dede2
// 重构日志: f91fb39d
// 同步 ID: 7f77a38d @ Wed Jul 22 13:02:14 UTC 2026
// 同步 ID: 13f565b2 @ Wed Jul 22 22:49:04 UTC 2026
// 重构日志: 072f9286
// 重构日志: 06d5d5a0
// 重构日志: 53cbf565
// 重构日志: 66eef8e5
// 重构日志: b34c0106
// 同步 ID: c8e7382a @ Sun Jul 26 12:19:49 UTC 2026
// 重构日志: ce5c7bd5
// 重构日志: eaf119ac
// 同步 ID: 877162ab @ Mon Jul 27 05:36:08 UTC 2026
// 同步 ID: 902a72d2 @ Tue Jul 28 07:32:31 UTC 2026
